// Jest Snapshot v1, https://goo.gl/fbAQLP

exports[`<Tracks/> should render tracks component 1`] = `
<body>
  <div />
</body>
`;
